> Task :app:preBuild UP-TO-DATE
> Task :app:preDebugBuild UP-TO-DATE
> Task :app:mergeDebugNativeDebugMetadata NO-SOURCE
> Task :app:javaPreCompileDebug UP-TO-DATE
> Task :app:checkDebugAarMetadata UP-TO-DATE
> Task :app:generateDebugResValues UP-TO-DATE
> Task :app:mapDebugSourceSetPaths UP-TO-DATE
> Task :app:generateDebugResources UP-TO-DATE
> Task :app:packageDebugResources UP-TO-DATE
> Task :app:createDebugCompatibleScreenManifests UP-TO-DATE
> Task :app:extractDeepLinksDebug UP-TO-DATE

> Task :app:parseDebugLocalResources FAILED
.\gradlew.bat : [Fatal Error] 
activity_book_ticket.xml:3:14: The markup in the 
document following the root element must be 
well-formed.
At line:1 char:1
+ .\gradlew.bat assembleDebug > build_output.txt 2>&1
+ ~~~~~~~~~~~~~~~~~~~~~~~~~~~~~~~~~~~~~~~~~~~~~~~~~~~
    + CategoryInfo          : NotSpecified: ([Fatal  
   Error] a...be well-formed.:String) [], RemoteExc  
  eption
    + FullyQualifiedErrorId : NativeCommandError
 

> Task :app:processDebugMainManifest UP-TO-DATE
> Task :app:mergeDebugResources FAILED

FAILURE: Build completed with 2 failures.

1: Task failed with an exception.
-----------
* What went wrong:
Execution failed for task 
':app:parseDebugLocalResources'.
> A failure occurred while executing com.android.buil
d.gradle.internal.res.ParseLibraryResourcesTask$Parse
ResourcesRunnable
   > Failed to parse XML file 'C:\Users\ADMIN\Android
StudioProjects\project-2\movie_app\movie_app\app\buil
d\intermediates\packaged_res\debug\packageDebugResour
ces\layout\activity_book_ticket.xml'

* Try:
> Run with --stacktrace option to get the stack 
trace.
> Run with --info or --debug option to get more log 
output.
> Run with --scan to get full insights.
> Get more help at https://help.gradle.org.
=====================================================
=========================

2: Task failed with an exception.
-----------
* What went wrong:
Execution failed for task ':app:mergeDebugResources'.
> Multiple task action failures occurred:
   > A failure occurred while executing com.android.b
uild.gradle.internal.res.ResourceCompilerRunnable
      > Resource compilation failed (Failed to 
compile resource file: C:\Users\ADMIN\AndroidStudioPr
ojects\project-2\movie_app\movie_app\app\src\main\res
\layout\item_ticket.xml: . Cause: 
javax.xml.stream.XMLStreamException: ParseError at 
[row,col]:[77,36]
        Message: Element type "TextViewandroid:id" 
must be followed by either attribute specifications, 
">" or "/>".). Check logs for more details.
   > A failure occurred while executing com.android.b
uild.gradle.internal.res.ResourceCompilerRunnable
      > Resource compilation failed (Failed to 
compile resource file: C:\Users\ADMIN\AndroidStudioPr
ojects\project-2\movie_app\movie_app\app\src\main\res
\layout\activity_book_ticket.xml: . Cause: 
javax.xml.stream.XMLStreamException: ParseError at 
[row,col]:[1,171]
        Message: http://www.w3.org/TR/1999/REC-xml-na
mes-19990114#AttributePrefixUnbound?TextView&android:
layout_width&android). Check logs for more details.

* Try:
> Run with --stacktrace option to get the stack 
trace.
> Run with --info or --debug option to get more log 
output.
> Run with --scan to get full insights.
> Get more help at https://help.gradle.org.
=====================================================
=========================

BUILD FAILED in 9s
11 actionable tasks: 2 executed, 9 up-to-date
